Device: cpu
Model:  C:\duoshi\models\base_model\embedding\bge-large-zh-v1.5
Backend: sentence-transformers
类书侧分通道权重：词条=0.50，注文=0.30，部类/部类附名=0.20
注文类型字段：注文類型（启用注文类型分流）

[1/5] Loading structured data...
  白氏六帖 entries: 35,340
  白居易 raw records:      2,804
  白居易 normalized poems: 2,804
     poem units:      2,804  matrix≈0.18 GB
     line units:      32,941  matrix≈2.17 GB

[2/5] Loading 多识 embedding model...
  Embedding dim: 1024

[3/5] Encoding 白氏六帖 entries...
Reusing embeddings: vec_白氏六帖_headword.npy (35340, 1024)
Reusing embeddings: vec_白氏六帖_note.npy (35340, 1024)
Reusing embeddings: vec_白氏六帖_category.npy (35340, 1024)
  Saved: vec_白氏六帖_headword.npy (35340, 1024)
  Saved: vec_白氏六帖_note.npy (35340, 1024)
  Saved: vec_白氏六帖_category.npy (35340, 1024)
  Saved: vec_白氏六帖_headword_note_combined.npy (35340, 1024)
  Saved: vec_白氏六帖.npy (35340, 1024)

[4/5] Encoding 白居易 poem units...
Reusing embeddings: vec_baijuyi_poem.npy (2804, 1024)
  Saved: vec_baijuyi_poem.npy (2804, 1024)

[5/5] Building dense matrix for poem...
Matrix poem: shape=(35340, 2804), dtype=float16, approx=0.18 GB
Reusing embeddings: vec_baijuyi_line.npy (32941, 1024)
  Saved: vec_baijuyi_line.npy (32941, 1024)

[5/5] Building dense matrix for line...
Matrix line: shape=(35340, 32941), dtype=float16, approx=2.17 GB

Completed.
  Output directory: D:\中大中文系工作相关\論文發表與投稿\大语言模型的白氏六帖\output_duoshi_fuzang_baijuyi_v5_note_type_35340
  Total time:       12.98 minutes
  poem: (35340, 2804) float16 -> D:\中大中文系工作相关\論文發表與投稿\大语言模型的白氏六帖\output_duoshi_fuzang_baijuyi_v5_note_type_35340\similarity_matrix_白氏六帖_x_白居易_poem_float16.npy
  line: (35340, 32941) float16 -> D:\中大中文系工作相关\論文發表與投稿\大语言模型的白氏六帖\output_duoshi_fuzang_baijuyi_v5_note_type_35340\similarity_matrix_白氏六帖_x_白居易_line_float16.npy
