[2026-06-25 17:19:59] Main matrix process finished. Begin validation.
[2026-06-25 17:20:00] Validation passed.
[2026-06-25 17:20:00] START export_similarity_excels
Scanning Top-K matches for poem matrix...
Scanning Top-K matches for line matrix...
Writing poem workbook: 白氏六帖_白居易_诗级完整相似度矩阵.xlsx
Writing line workbook: 白氏六帖_白居易_句级Top20相似度表.xlsx
Done.
D:\中大中文系工作相关\論文發表與投稿\大语言模型的白氏六帖\output_duoshi_fuzang_baijuyi_v5_note_type_35340\白氏六帖_白居易_诗级完整相似度矩阵.xlsx
D:\中大中文系工作相关\論文發表與投稿\大语言模型的白氏六帖\output_duoshi_fuzang_baijuyi_v5_note_type_35340\白氏六帖_白居易_句级Top20相似度表.xlsx
[2026-06-26 02:55:11] DONE  export_similarity_excels
[2026-06-26 02:55:11] START export_thesis_showcase
Scanning Top-K for poem showcase...
Scanning Top-K for 诗句 showcase...
[2026-06-26 08:55:17] DONE  export_thesis_showcase
[2026-06-26 08:55:17] START generate_duoshi_fuzang_report
[2026-06-26 08:55:18] DONE  generate_duoshi_fuzang_report
[2026-06-26 08:55:18] START generate_duoshi_fuzang_writing_bundle
[2026-06-26 08:55:20] DONE  generate_duoshi_fuzang_writing_bundle
[2026-06-26 08:55:20] START generate_duoshi_paper_figure
D:\中大中文系工作相关\論文發表與投稿\大语言模型的白氏六帖\output_duoshi_fuzang_baijuyi_v5_note_type_35340\论文插图_多识_柱状图与热力图.png
D:\中大中文系工作相关\論文發表與投稿\大语言模型的白氏六帖\output_duoshi_fuzang_baijuyi_v5_note_type_35340\论文插图_多识_柱状图与热力图.pdf
[2026-06-26 08:55:45] DONE  generate_duoshi_paper_figure
[2026-06-26 08:55:45] START generate_duoshi_year_scatter
line_threshold=0.713379
poem_threshold=0.668945
line_points=2604
poem_points=226
D:\中大中文系工作相关\論文發表與投稿\大语言模型的白氏六帖\output_duoshi_fuzang_baijuyi_v5_note_type_35340\论文插图_多识_作年散点图.png
D:\中大中文系工作相关\論文發表與投稿\大语言模型的白氏六帖\output_duoshi_fuzang_baijuyi_v5_note_type_35340\论文插图_多识_作年散点图.pdf
D:\中大中文系工作相关\論文發表與投稿\大语言模型的白氏六帖\output_duoshi_fuzang_baijuyi_v5_note_type_35340\论文插图_多识_作年散点图数据.csv
[2026-06-26 08:56:32] DONE  generate_duoshi_year_scatter
[2026-06-26 08:56:32] START generate_duoshi_period_category_chart
sample_count=2604
period_totals=[41, 802, 562, 276, 923]
諷諭 [0, 316, 0, 0, 0]
閑適 [3, 177, 176, 43, 0]
感傷 [14, 154, 152, 4, 0]
雜律詩 [24, 152, 226, 20, 0]
格詩 [0, 0, 8, 89, 486]
律詩 [0, 3, 0, 120, 437]
D:\中大中文系工作相关\論文發表與投稿\大语言模型的白氏六帖\output_duoshi_fuzang_baijuyi_v5_note_type_35340\论文插图_多识_分时段分类型统计图_合并类目版.png
D:\中大中文系工作相关\論文發表與投稿\大语言模型的白氏六帖\output_duoshi_fuzang_baijuyi_v5_note_type_35340\论文插图_多识_分时段分类型统计图_合并类目版.pdf
D:\中大中文系工作相关\論文發表與投稿\大语言模型的白氏六帖\output_duoshi_fuzang_baijuyi_v5_note_type_35340\论文插图_多识_分时段分类型统计数据_合并类目版.csv
[2026-06-26 08:56:35] DONE  generate_duoshi_period_category_chart
[2026-06-26 08:56:35] START analyze_duoshi_exclusivity_vs_common_sources
已生成：
D:\中大中文系工作相关\論文發表與投稿\大语言模型的白氏六帖\output_duoshi_fuzang_baijuyi_v5_note_type_35340\排除共同典源后的排他性统计.json
D:\中大中文系工作相关\論文發表與投稿\大语言模型的白氏六帖\output_duoshi_fuzang_baijuyi_v5_note_type_35340\排除共同典源后的排他性分析草稿.md
D:\中大中文系工作相关\論文發表與投稿\大语言模型的白氏六帖\output_duoshi_fuzang_baijuyi_v5_note_type_35340\排除共同典源后的代表样本_line_top30.csv
D:\中大中文系工作相关\論文發表與投稿\大语言模型的白氏六帖\output_duoshi_fuzang_baijuyi_v5_note_type_35340\排除共同典源后的代表样本_poem_top20.csv
{
  "poem_common_total": 976,
  "fragment_common_total": 13,
  "line_top_count": 3295,
  "line_dual_exclusive_count": 972,
  "poem_top_count": 281,
  "poem_dual_exclusive_count": 108
}
[2026-06-26 08:56:52] DONE  analyze_duoshi_exclusivity_vs_common_sources
[2026-06-26 08:56:52] Pipeline completed successfully.
